// Jest Snapshot v1, https://goo.gl/fbAQLP

exports[`should expenseListItem with fixture data 1`] = `
<[object Object]
  className="list-item"
  to="/edit/2"
>
  <div>
    <h3
      className="list-item__title"
    >
      Gas Bill
    </h3>
    <p
      className="list-item__subtitle"
    >
      December 28th, 1969
    </p>
  </div>
  <div>
    <h3
      className="list-item__data"
    >
      $109,500.00
    </h3>
  </div>
</[object Object]>
`;
